Client ID: '71OATHED6SM44ZWIUQR3'
Client Secret: '2a42c3f912dd44f8821518a01205ce89'
Token: 'eyJhbGciOiJSUzI1NiIsInR5cCIgOiAiSldUIiwia2lkIiA6ICIzaVgtaEFrS3RmNUlsYWhRcElrNWwwbFBRVlNmVnpBdG9WVWQ4UXZ1OHJFIn0.eyJleHAiOjE3Nzc5NDc2ODcsImlhdCI6MTc3Nzk0MDQ4NywianRpIjoiYTY5ZGRkZDItYTdlYy00ZTJlLTgyNGQtMDRjZDgwNzU4MGZmIiwiaXNzIjoiaHR0cHM6Ly9hdXRoLnFvcmVpZC5jb20vYXV0aC9yZWFsbXMvcW9yZWlkIiwiYXVkIjpbInFvcmVpZGFwaSIsImFjY291bnQiXSwic3ViIjoiZGEwYzgxNWItY2Q3Yi00OWI5LWE5NjEtNGQyNzIwNzZjYjc2IiwidHlwIjoiQmVhcmVyIiwiYXpwIjoiNzFPQVRIRUQ2U000NFpXSVVRUjMiLCJhY3IiOiIxIiwicmVhbG1fYWNjZXNzIjp7InJvbGVzIjpbIm9mZmxpbmVfYWNjZXNzIiwidW1hX2F1dGhvcml6YXRpb24iLCJkZWZhdWx0LXJvbGVzLXFvcmVpZCJdfSwicmVzb3VyY2VfYWNjZXNzIjp7InFvcmVpZGFwaSI6eyJyb2xlcyI6WyJ2ZXJpZnlfbGl2ZW5lc3Nfb2NyX3N1YiIsInZlcmlmeV9uaW5fcHJlbWl1bV9zdWIiLCJ2ZXJpZnlfdGluX3N1YiJdfSwiYWNjb3VudCI6eyJyb2xlcyI6WyJtYW5hZ2UtYWNjb3VudCIsIm1hbmFnZS1hY2NvdW50LWxpbmtzIiwidmlldy1wcm9maWxlIl19fSwic2NvcGUiOiJwcm9maWxlIGVtYWlsIiwiZW52aXJvbm1lbnQiOiJsaXZlIiwib3JnYW5pc2F0aW9uSWQiOjI1MjIwMywiY2xpZW50SG9zdCI6IjE5Ny4yMzQuMjIxLjE1MSIsImNsaWVudElkIjoiNzFPQVRIRUQ2U000NFpXSVVRUjMiLCJlbWFpbF92ZXJpZmllZCI6ZmFsc2UsInByZWZlcnJlZF91c2VybmFtZSI6InNlcnZpY2UtYWNjb3VudC03MW9hdGhlZDZzbTQ0endpdXFyMyIsImFwcGxpY2F0aW9uSWQiOjI2Mjg4LCJjbGllbnRBZGRyZXNzIjoiMTk3LjIzNC4yMjEuMTUxIn0.IRq_GmoKh0HgDPGYI8tbwGlSgmPV4QshP1elcvtnEVO-KZkZ60uTZmPNKj3ozvAt_sKq2mMwoyASv6qHeX0UVaKluIFCeimwrLYNM04ZROU2Xd0Z4I68Yu7cGRSr9_UUkFvO0G4_2gybNfxOLBIi_HKMC77nNB7DIx15zJZIsfk1k5gRXCX5-CzSlKaK0eTxmHLAluKCpRy88kzjx3REXJlGbTWq1KGamvDZ1bI_4AKeaaAuTMeD2ikPJVbwnnnkHqjt_LoeKRq4Kqs_9ufsa0DX3bHl_brCA9rhdj76sN99Azm3BbQPxNtpAl-3h43_OnvyLYxTVRhFPnZwtB0BFA'
Array
(
    [success] => 1
    [data] => Array
        (
            [id] => 161813742
            [applicant] => Array
                (
                    [firstname] => Babatope
                    [lastname] => Lawal
                    [paymentMethodCode] => wallet
                )

            [summary] => Array
                (
                    [nin_check] => Array
                        (
                            [status] => EXACT_MATCH
                            [fieldMatches] => Array
                                (
                                    [firstname] => 1
                                    [lastname] => 1
                                )

                        )

                )

            [status] => Array
                (
                    [state] => complete
                    [status] => verified
                )

            [nin] => Array
                (
                    [nin] => 21942809895
                    [firstname] => BABATOPE
                    [lastname] => LAWAL
                    [middlename] => ALEX
                    [phone] => 07036268000
                    [gender] => m
                    [photo] => /9j/4AAQSkZJRgABAgAAAQABAAD/2wBDAAgGBgcGBQgHBwcJCQgKDBQNDAsLDBkSEw8UHRofHh0aHBwgJC4nICIsIxwcKDcpLDAxNDQ0Hyc5PTgyPC4zNDL/2wBDAQkJCQwLDBgNDRgyIRwhMjIyMjIyMjIyMjIyMjIyMjIyMjIyMjIyMjIyMjIyMjIyMjIyMjIyMjIyMjIyMjIyMjL/wAARCAHSAV4DASIAAhEBAxEB/8QAHwAAAQUBAQEBAQEAAAAAAAAAAAECAwQFBgcICQoL/8QAtRAAAgEDAwIEAwUFBAQAAAF9AQIDAAQRBRIhMUEGE1FhByJxFDKBkaEII0KxwRVS0fAkM2JyggkKFhcYGRolJicoKSo0NTY3ODk6Q0RFRkdISUpTVFVWV1hZWmNkZWZnaGlqc3R1dnd4eXqDhIWGh4iJipKTlJWWl5iZmqKjpKWmp6ipqrKztLW2t7i5usLDxMXGx8jJytLT1NXW19jZ2uHi4+Tl5ufo6erx8vP09fb3+Pn6/8QAHwEAAwEBAQEBAQEBAQAAAAAAAAECAwQFBgcICQoL/8QAtREAAgECBAQDBAcFBAQAAQJ3AAECAxEEBSExBhJBUQdhcRMiMoEIFEKRobHBCSMzUvAVYnLRChYkNOEl8RcYGRomJygpKjU2Nzg5OkNERUZHSElKU1RVVldYWVpjZGVmZ2hpanN0dXZ3eHl6goOEhYaHiImKkpOUlZaXmJmaoqOkpaanqKmqsrO0tba3uLm6wsPExcbHyMnK0tPU1dbX2Nna4uPk5ebn6Onq8vP09fb3+Pn6/9oADAMBAAIRAxEAPwDohRSCloGKaTtSnpSdqBCikNAoNADe9Ppnen0ALQaKDQAw9aKD1ooAcOlKOlIKUUxDhS9qaKd2oGHamnt9ad2pp6UCF7mkel70j9KAA/6wUtNP3lp1MQtJS0CgBR0pRTR0pwoAafvUUp+9SUxBS0lL2oAUUlKKSgApD0paQ9KBhH3p1Nj7040gHDpSnpSDpSnpTEJSL1NLSL1NADX60g6Ur9aQdKAGtUZ61I1RnrQAClpBS1BoKegpB0pT0pB0oEAoNAoNADe9P7UzvTx0oAWg0UGgBp60lKaSmA4Uo70gpRQAopw6U0U4dKACmt92nU0/dNAhe9I/Sl7ihulADT1WnU09Fp1MQtAopB1oAUdKcKaKcKAEb71JSt1pKYgpe1GKMcUAKKSgUvFACUlLSUDEj6mnmmrwTx3pw5pAKOlO7UYFHbApgJSDrTuab3oENfrSDpSuPlOKQdBQA1qjIqU0xqAGil70CioNBe1IKdjigDFAhtBpxx60gYZxQA3BJp2DS0tACdqQmlA9qQqaAEPNLto207AGKYCAUoHNOAFHFIBMYo/E0tISB1NMBaax+U0ow3Q0uKBDVyVBpcZODS9KYj5z607AOxgClB4o70irgnnqaBC8UtLgUmfQUAGKKRcnrTsUAJjikpaQ0wFBpc8UwDBp2RigQUtJmk60DFpuaXFFIBVp+OetMXrT8/NQA7aKWkzRmmAtNPWlzQeaAGnkUzBqTFMPWgQ09KjapGOKjLUAN4HejOKMZOadtqDQMk0YNOooEMZT2oVT1p+Md6M4oAXFGKM0E0ALSHpQOlGBQACjFL0ooAOlAGaKCaAFxSMqtwaaz4qGSUheuKAHk7JEVR8p6mnl/mxWdLeJGPvjOelZtz4igt3YSMBjpg96EB0hYCm+YgzgiuMvPFcEaHY5JYVjz+NZ9uxVx71VhHpfnIBncKBKvJJHFeTyeL71yVB4PvTG8XX7RlA2MinYD1kzoRuDDHrmnrKh24P3uleOjxVqCxlA2STnJq9D41vldWfGF7Ciwj1fPNL1rj9J8Y294Y1mcI5OCCeDXUW93DdAmJwwBxkUAT96Q0ZoJoAKOKbupN1ADt1IWphNJmgCUGlqHdS7qQyUNijdUW6gPzSAmDUE5qMNShuaYEqnJp2aiBpd9AhxNNppbmlzTEMmOIzx+VRp8yA8j61MeRzTOKAFpccUlKOlQaCAc80vSlAzQRQAlIRk07ApaBDQKd0opcUAJRTttIeKAGkE96BS0UAFIRS1Wu72K1TLntQBLIQEJrn9Y1mC0h3bgSehHPPpVHUvF8cIYRgsT09K4e6vpb2Z2kfCsd2O2arlAvXviG6nkYq2OcisiS4kmcNIxNNLgtk1XJIJyOvSqSsBK5ZiTnJqJmJIBHIoBIIz+venMuVz0piGsMH3pvbmlbhtwPakJ9Mkd6AEJxyOaXPGD0po9hxQeDzQMXJHTPXit/QvE1zpLbSxaPuM1z/mFWGBmk3Fm9M9qLAey6T4hg1NAUcKfTNbG8MM5rw20vp7OVZInwVNdLB45uY1VWizjqc1NhWPS803eK5Wx8YWt0QjMEYnnPatu2v4rpSyMCAccUgLzPSB6gMmaA9IZY35o381X8yk30AT76N/NQB6XeM9KALIelL1XDCnb8UXAshqN3IqAPTg1MCYsMUhfio91KCDTJHhuKaSaM00mgCxigcUYoxzUFgT7UdaWigQoFFFKw70AAHNOI4poHen0ARilNKV9KULQAzGaXbxT8CoZ7mOBcyMFHvQBFcXCwKWYgY9a868TeIGuJdlu3yjir3irxBHcRtaQnJBOWHauIZgcE9TVJCBpGlOXOSTTJCAcDBo5BPrQFBBrRARYLEkdKkUDnIyAO9EYIzinKdzcfQ0AQcMwFPkjYD2Ip2BuOAPSkfKqAWzQBGqnadw4HakXntSgs3DHGKTJB9hRYBWj2JuGBURJbkgVKx34HP0NM7+maAGAknPelYEEHOaXAwTnoacqZXNAxmflpN2WGM0pYA4xTtuBkCkABtrfKSK3dD157FjHIxMbHPHY1gEkMMijvlaLDPVdO1WO9A2N9K0g/vXlWk6pLY3SsDle4rv7HU47uMFWBYjJ9qiSsFjXL4pN5qHOe9G7FSOxMGpwfmq+80Bz60BYtB+aeHqn5mKer96BWLatTw1Vg9OL4xzQIn3U9WwKrBqeHppiLG+mscimA5o3VQi+eKQHNKRkUqjBqChMGnAUvGRTu1AxuKdjjmiigQcAUvWkp1MBAKWikz2pABrnPE+ow2tsUZhuYcAiugmdY0LEgfWvL/FeotdamYwwMaDtTSA5+aTzJWPUmoCpweelO2lmODgetL1PNa2ERk4AHU0jAhs44pXTB45zSqq9QeemKAEK59jSq5QFdtJyzZz0pVBc9cH3oAYCq53c/SjcrEUskIUYJBPfFRqnBx17UAKwBJwKbkZwRzTwNqksfmFMYl8nGDQA185zgYHSldMruA470xtzcdxSq3UZ/CmA0Lu4zx6UqyFAQRzSLtLnPANOIRs7c5PqaQxpXcm7imByflFSYAOG44pAoA4/OgBrnj3pq5xjNSlMDkcetMxg4I4oGIDzxWppV+1rcoCxCE8issenpTwSCCDzRYpHq1vOs0Ssp4xViuL8N6jI7eQ/boc8muw3cVk1YBxNN3VHkZ707IBqRkmc04OBUYNBPtTETiSgt8w5qANQWO4UCLYbBqRWqqGqZWpiLCtinbs1Bu5FOJpkmviloPFFSUOUU4CkWnZoEFHaimknNAC96CcUnOaUimAopkjhVJPSn9qqXjSmFgm3pyTQByPinV3iUwo2dw9elcLI+7JOdx61qa6/wDxMWQnp1JrJJUMPmye9WhDcEAYP4U0HccnoPalZ8dT1oLALkUwE6HpxTWz/DinHJAOOavW9kXAYDIovYaVzPRCCD69alEWRz07Vo/ZfmICjpTTZyK4XIb2qeYfKUDEChyDk00Rqq8cGtj7BJKRsGMdjUg0eXblk/GjmHynOnGTnJpmAG75rZfTSpJKHHriqU9lKX+VTimmhcrKMikHP54powvJq2tpOW2FSSaV7Ro8Bwc/SnzIfKyk4+XpimqSBnNW/I3k017RlB4ouHKVmJfBNOIBX3pxjZeowO9R45pisP3fJt7mmnnr+dA5Ge9JtO05FACEY6HNGDnNJ1PAp54plIu6VefY7xXPQ8H2r0S1kWWFXRsgivLgcEHFdz4bvlmtBGfvrwaiaA2yDupwBpDy1SADFZgCilNKKRqAEpshwQRS9KawOM0ASg8VIrVXVqkBoJZZBpS1RKelOBOaYjoCOab3qQ03IoAFFSAUwH2p2TxSAdik4zS8mkxQAZpp3Gnig0wEA45qC6dY4HLDgDNWQay9fdk0uYpy+04oA8n1W4NzfzSk9WOPpVFF5Occ1YkzuLnqTUTZxk1othDCMt06U6Nd0gAHXtSAlhxV+wh3EMw5pNlJXZPbWBdvm/KtSK3WNSqjk9qdFHjkdaljHOW4NZNmySQC0VYXA4OM8+tLbwLj5ogzkc5FWFUketWYkznjtzSBoit4YUXkDrmnXDA/d+77VYW3DKc8YpjRxooyf/r0WErFCTdsK44rPmQnkgYrWlZVY8celVZ1XHHccUFIzTGM7l61HIC33gCasnYG5ODUbEMDjFMZR8lVJ+UGmlAVwwAq0eB1qCQ5xihAZ8sIYsuMCqj2+0GtOUenFQyICMVonYzaMxkK9KZyauOgINQ7ODxVpk2IFB3ZFO696fsx0prLzx0HWmAnHFdJ4Xm2u8Q27jzk1zZGPatPRCf7RjA6k0nsB6EoJAz1qUDAqKFTsBOc1LmsQFFNenCmty1AB2pKCeKTOaAGdKkVqY1IG4oEWVPFORqhVvlp4+7TRJ1OPWkIANOJppJI5pDBevrTqYtOJFAh1JSZpetACiiilpgJxXNeLdRFvp7x/wATjArpW+6a8z8XzE3nlFmLKSeelNbgcy5JOOxpTAzFVxn3p0EZeQE9KtMpDZHFNsaQi2ioAMDcav2sHlikt0JYBuR61opEq981LZrFCRqc9akCndgCnIu5sCpthHfn0qCh0WcAdKtIhxw1VAVU9eanWYZBFAFgwHsTmopLQEZqUTk7SozxzxSSXDpxspkFGWzBYjdzVSS1PIJNX/P3uSTg+9QsMtknAPagadjKe3AIPaq7oFOB0rSkCAd6oyuuTgHNBaKrjg1XbOfap3YHIFRMwI60xELsSMHpUbfSnt6YphXjJzmmhEDLnoKQI23gVLjmlwKaYrFJ1IOR1puMqc1ZlTI7CqzAgH0rRMmxG2MCreklhqMJXqDVM9KsWMpiuEYHkGmxHpkb/IM9cU4Nk1DbHfAjA5BGanVQKwAcKa3Wn4pp5oAaelJSk9qbmgBDzTQMGn03PNAiQHAqVcYqvUq0xM6zODTd3tTu9N70hBmgClpcUwExTgKWigAp2KbTwMigBCPlryvxfE6aqSQRnPWvVccnivPvHgH2uPKjOMA01uBy9tCzqpGB71qi0Vox8wJqHSoBJbh+vJzWqkCjtxUyZrFFeG38s7fbNWtuAOMcU/YueoprN8/tUGgKn4VKI8jvkUxBnvViNSTRcLEQiUnLVKiKCMA04oc9KkCflSuKwsYZiwB4p4hZhg9asW8LEcAbR3zVtFRQAwBH61aJZjNbfMSVqJ4gw2gcg4ranhCjfGflzjmstwUnJ7HrigEzMlj25GDVGaLBzitmRctuqlNHliAKRaMeRBnPeqrpnNac8eB0qiykk4poZUKc9aTbx1NWTHjOajZOKYisRzRnHSnsveo+c1SJGuvy+gqJlyKsYBpNo9KpCaKEqYBpsGfNTHc1au1wmRVe2XdMgHciqTIZ6NpqkWqkgjIq9jiobX5beNfRasdqyYhBxSGlPSmk9KQxCOaTilJpDQISm0pNNzQA7NPSoc81IuaYmdiRzUTyBJAp71KTgVWlBMqEZ/CgRPkHpR0pB14p2KAFBpcimDiloAcDT1NMxT1GMUAOzzXDeO4CIllCEj1ruqx/EcDXGmSIEVlxk5oQHCaECLHt94itHnHWqOiKRaOCMYc1obeKmW5vHYiz83NJglicYFPbCcmqt3eLEqrn5j2FTr0K0LKSKrdavwrGVyXANc4WnZleEE55OaD9sDbiHyRjA6U+QlzOujiiPGTk1N9njUnJGD3FcMst8CSZHUr2NO/4SG7jxGyk44y1PkFz3O7jmiQnBAA71VlmHmBgflPf0rnrbWnYATJwe69quC8DvjPTkVLuikka6SjaxY4XFZs8h+ZhwCeKmjuAEwR19qq3U4+7gUrlKOoBgy5YkAfrSEKyljwM1Rkufl2g8VFLe7UwOSKExtDrraZMdqquioMgVHcXoKFsDAFUJtQbHyvuUjsKpRbJc0XcBhk1Xm2qcCqX2iYplX571FI8xIY5K57VaiS5lh2AHNRnBGRVOQzMd2CKQNIvXpV2Jv3LfTvSioFkJHTmpUOaAC4TdbscdOaqaem68iA7sK0SN0TD2qtpM0VteCSVSQDVIT1PQIQUiUe1WAeKp2l7DexBoWzjqO4q0o5rFktWJCcCoz604009KAEpDQBzRQA3OB0pM80pxTSaADJ3VKOahB5qZTxTEzryKZ/F0qQ03OKQgUYpaM+1FMAooozQA/GaeBxUYNSL0oAUcVleI7v7JpMj9zxWpWD4vUPpSoehbP6GgOpy2lMPsTHrliasySBRwKp6Ou3TgAf4jS3EmCahm8V0Ip5HlO0ZqRLMcM4B9M0ls6s3PWrc0kUcWWYD8am5Via0hUyBTjp6VrmxAQFkGPUiubi1ERncgJrSfXlNuVku7aJsfKpbNONyJpIi1ONFUhFHFc/NhiVZQcVLdamkrHF5C/H8Jqj52T1B9xVajjYmUIDkEqasxS7Mc9BVddrDip4IS55FS2aWLq3LEDPpxUE847nmr9rp4lPJ69KZqFgkQGamw+axiyTjNRBwxYE8Gm3CBWJzx6VXBxnB5q0hNj5NmCucg9ajitxI22OMtVmKAffcEgVq2a3BTfEscUXI8yTjNVfsS0ikukyBAWUAHtTHtkiB9RWnI9uQfO1VBtHIQZrJnmtyxCXhbPqKWoJxKsyKKrFNx6VJM/XEgNV/MaNgWHHqKtCk0JKmw0sZxSzOHGRUceaoktpyDWWTsc/WtSMgCsmX75+tUhG14cvTHqUSZ4kO013nevOPD6ltZt/Zq9H25NRIl7iE8U0ntT2GBUdQIT6UhpaSgBrCmnr1qRqZ1oAFXmplWoxUydKYmdWzU3v04pSvNKBSEKDQaKKYCDmlpO9OFAgzUik4qPFSp0oAOfSsHxYxXTkY9if5V0Fc340JGkoe24/yNBUdzldGJayZSMAHipJodx460zRgRaRkg4YcH1q+yfNWcjoWjM4RMuSKpXNtcuS4+Zz90HoK3gFHGKmWNdhOBmpUrDaMbQdBXUJS11cMzL/yyzisnV7ObQteZ0iUBTlN67gR9DXRRCGO6DSBwvOdhwc1YupLe4gj8+V5Ao4EibjWkJGc4nn0cRnnJIGWbOAMcn2rpbvRYIo4TDJtdgN2TxmpTYW4kaa2icnPDlNopRbPcEbiWx78U5PsEEktSB7ObT2jWR0YSfdKsDitOFGW3DnvUUthCJF2DGOpqeeUDCKSQKhtGiJ7W4KNxTtUkzHkHJIqrFnOafe4aEfSs7lcpy127AnPWjTYxcXiRkj5jim3qkuRUVozRSq68FTkVstiJbmxqcpivTp9qgIiG+RvWtXSdFXUJFfUblSM4WFXrOtruBr+SW6gV1lxubHIOMVuBbHysxQRsCMKwP8AhRYk5zxRpjaNqD/ZVZIJU2+uR6Vy6QmSRVUEsfSux1JJJAFkEjxjkAtuxWKqSQysYk2+hxVqWlhcpDPpwiiX5sNiqixSIeWytaT72Hz5JqLyyTjGBQpDasUyOKfGvtVgwHvSGMgU7iFGFiZj2FZkoDLuFaNydto/0rLz+659apCubvhG1M2pmUg7Ylzn3Nd3msHwnaCDSvNIw0pyfoK3CcVEnqQwJphPNB+tJUgBopMUUAIxpg60/jPNNJwaBDlOamXpUSVMvSmI6vvS4oxS0gExRSnpQOlACDFGKdjNLimIbUqdKjx71IgxQA4VznjVS2jqo/vH+VdIMZrJ8TW5uNIcjqhDfhQNbnC6XcAxW6DovBFa5XIyOlYFhG0N+kfYtkV0TDis5HSQhPmzUoU4x60igDrThIM4rJlohMIBy0YIpRIqHCQgNjHTNXo1Vo+W60MkKkMW5NUrktlD7PJdfNLvK+g4FTi2CKUVRuPTjpUyzqjfIvPYk1GJTg4+8etO4lG+pBJbJAmWYliOaomMFs4q7M5Iw3QVXGDUNmkUIq4xUNw3yEVZA5qCdODUp6mljnbxfmPFVVHp1rSvIjms5hs5roi9DGSsXIHzxV6CR7dt0Z47r2NZMT85rTiw8X0pMFZlprnzP9k5yagk2sOOaiPJHbFKDsOOtIaRA8frUbR4q0xBGTVeR+KpAyA9KjPNKzZIpgPNWjKQy6GbRhWUimSRI15yQK17o/6K+KZ4d09rvU0JB2J8zGtEzM7uziFvZQxAY2oKkY5FOOAKZmsmISijpRQAh5owaWkoAbjmkbr7UE5NGDnFADlqdelQqAKsKPloEzrD1pKDQOtAgo7UUUAFJk0tFMQCpFyRTB1qRDQAvNEiLLGyOMqwwfoaCeaC2KAPPtQsjYaukePlD5B9quF8L1rW8R2XnxJcIP3kZ59xWEzk8dqiSN4O6JN4xzTlI/CohgU/GKxZsiwqgqcEj6UwrkkjOfWlQ8AVOqBuRT6CZCI2KDA/OnpbuzbtpB9auw26Z3sTnuSelNurxYnKIA2ByTVJW3Ju72Mu5XDkE9PSownFRSFpJC2e9WI4nKispPsbRVhojwwqO4TcDjpWnaWE1xKoRepwPep9Q0qW1ibfHjHUk0lFvUpzSZxl0mDjNZk8e4VsXi5ZhjpWeoDOAe1ax0Jkrmau+F8kHbW3ZMJYmAIFQz22U9qzTJJZSebHyB1HrWidzNqxtywsOcVW34JzV2yv4dQgz0aoJUAJ470mNO5Wdu5qFyCKfJ7VXdu1UhNkTcGkB5oJz3pOlWZNjpVaSMIoJLHGK67R9PXT7ILj94/LGsbQ7dZrsMy52DIrpxQ2Zti9aTAxRRxUgNPWkFB60dKADpSA5pSRTNwFAgPBpQcmmE5NKvB6UATLUoPFRKKmA4piOqY0o6ZpM8UopAHNFBPNFACY96Mc9aWkGc0xDgKcvApnPalBPrQA7q2adwaYc0ihs/eNMBl2itburdCDXEsfnIz0OK7p0DKQTXD3qGG+mQ9N3FRPYum9RE9yakzmolJC0ob1rE6S2rAkYq7D249qzY2AbrV2GToQRkdvWmgZYu7gxwEAdenHGazYgpH7wnLHrUlwxeTA/nTmtHa1Oxfn6/8A1qbuxJpCR28TTYzgVdmewt4Th9zjHFcpcak8GeSCOtc5ca5eT3OyIE896mMGXKS7no1jrYtpkdRyjFl56EjFT6r4gbUItrKgIGMr3781x1kL1rUSSQOB6ih7zBHNJqS0GuV6j72YYY461lJOokJbFNvb3IbBrBuLhnJCHA71rCGhE52Opmuo5I8KQfpWRcsCrCqWnPslO5jgipbqXcxAOc1Sjysly5kJpdy8FxhTwTXTgmWIHHNcvZwN5wbBwDXVwri3zg9KcrBEoyYAIzVKXGatz9TVGQ54pIciI9eKcDyKaDStkCrMmdH4dTiWT8K3dpzWVoKeXp4Ycbj+daZJpMgcRgU3PFGc0h6UgEPWk+tLjnOaYxoAXIFJxjim9KUHigQA89KcOtJ2pAaAJlPNTZquMmp0xjrTEdWaUdKaaAaQD+KKSigAooopiEPWnCkozQA6gcc0gpaYgNcZrhMequOxAxXZmud8SxDakv4HilJaFRdmYYf0o8zH41XjY4xmlL471g0dSZaRwD9auRtxjp71kLJV2BySDkCkimacEOSXY5zWkkqxRkAc4rOglyOnSnmYE8nrVLQhlLUdHg1DLlCjHuKzLbwxbWzmRmLt6munVhzzUbMOjAUajTJrOIRwFAF8vaMA1i6loVrdSAx5iZuuK0nnCJkH8u1QzzAHG7ORRcRxd54aZZGXzS2PesuTR/J69jXaXQbyi+MkHrWBfShz3ye1UpMdkZ8NgnHAq2tpCvVATTIpcADvUwkyetF2UrDljRRhVAqeG4+QxMcAdKqmTJqKVtvzDqKLAxbk8nnNZ7tzippJi/XrVVjg1SIkxwPNBbBpq06FDLKFHOTitDJnY6KrLpUQfg1o44qG2QR20a+gFSE8VLJELYphfjinU0ikAhfApu4mlxmjbQA2lpdtLj0oAaT0pc47UEYpM0CJVOTU6jAqvH1qdc0COrNNHFKabnnmgCQGlpoPoaN3tQIdSZ5pA3GaTdzTAfmimE0gY+lMRKKM8U0McdKBmgB1ZeuWguNPcjO5eRWmaY6B0KnoRg0Bc813lJCvUmnF+OtO1aze2v3jAwMnn2qnvyxHpWTR0xd0WVftVuKTb3rOjY555qwrHOTUNGqNmGfbHuPamNckscGsm4vRFFwfw9arrekjIBJJppEN6nQLeEN1zSte8EDnFZEbb13F9oq1BPat8pcFv0NUkBpRXCggNyGPFV7uYKinBJBqWO4EfAhVT78003cMmVlRQcUmmxKSuRPcgwMNufrXO3SjzCwAFaV7dAqVhIC1iTMxblqIxZTkiuQy55ppnIOD0pZJSo5NUZZFYn1rRIhsv+eFIyae0gdcgisgyb2ABzUgkZW4PWm0JTLDtzUROaUnnmmmmhMRjjgVpaHbm4vo/wC6pyayz8zCuv8ADlkYoTK643dKGQbeBjjGKMDFOwKQ4xUiGEYpppxbikyKAI6UYpM57UqjkZoGP4xTQOc80+kPFAhjUynMaYCxPtQA9OvWrKdKgVe9WEGBTEzqPmzSgHvSE80pOaQhcDPBxRSClHSgBR06UnHWjIoyKYC4yKOKTNJ15NMQ8UU3cOlLmgQtAppakDZ7UwMXxDpwuYPORf3iencVxMuFbB4PSvU/KZxyvHvXG+JvD5tZPtUHzRHk/wCyaiSNYSOfQ44xT3b5cDrUAZlkKmld6za1N09CneOzlUDY2nrTB5sjCOMfjSyZeUK3AJ61r28Maxjpu9apuxNm2UDDenCcH6VOlvcxIWMROOuK0FkjyFPHvV1WBi45XGOKSY2rGE9zdEgFHAAqF7qREJbOTXUwQwXCBXJVjxuNV7/T4kjMisGBU/nVAuU5hbh3i3gMc+1V2Fy24iJsn1FdVY2io0ocAIuD0qtfeVGgKjkZBoHZHKyW9wyksQtQ/YAzfM+a0bmbcxVarvIEG0VREio0CRvgU51+XIpN245NOL8Yp3JGKxbrSnORRjPSpcDFAi3pWnte3Srj5RyxruIkWOMIo4HFcZpF00NwwjYKWHAPeuij1QA7ZVwfWk2FjSLc4ptRpOkgyrU/nrSEJg5ptPppIyaBAB0p3fpSDilyaAFbpTevalpDQA08mgCjnNKBzQA9RVhBUKg1OlMRvzSbNvucVIpyKilXcBx0OakUfLSEOBozzSUtAC8UnakopgKDQSKBgCk6nigQoPelUljgcmnJaOx3E7R6Gre1IUxGMk9SaYWIFgJ5bgU8Ko+6OnejLN1PSptvJ3ED2pDsR8465pzwpLblJFBVuCD3o8xQNqDFPAJHPNIZ57r2hHT5DNECYGPH+zXOS5HavS/EwP8AZD5A++oFedXCg8jr6UmjWLKijnJAqws22oeQaNpNS0aXJ2nBoW+aHocCq/lv1qNo3PahJDLx1teAWKkUkmsKwGZgQPU1lvASOUJqu+nyTn5IznFUQ9DXOvBEK+YuPrWZdauknAfNZj2cqPtZCMihbNsg4xVWRPMyQ3bMTsFIGZjzUq2pGTQ0Zp3QWYzOKM0hXmgDJoJ2JIxk59KZNKCdqmmyS4Xap+pqFeTQBbgcq6tn7pyK6UhZ4VOcMRkVyqnArpLNybdA3BxSYyH7TcWcmG5A71q2mprKBzzVGdd4IIrLJe2lyvSkB2C3SHhuM96lGG5BBFYVrc+cmGq2GeF1IJ2HrQJo1DwKXtVZJtwGTmrC/MvFBItJyTxS9qTdtoAMU4DmmhgacpoESKKmUVADUycUwOiPWlHSkxRSELRmkooAKBk04KTUqrsHHX1NADREcZbgVNbqM52E4piZZuOTVrJSMgc+uKBiM+09iajcE4+fmomlEjfKQMU6Pdu5PFAD1iLN96nthMk5Y09wFGQc1Adzn7wFAEke5uSABUhPHJpigBeWNBI7KTQBg+K5Fj0tVB5eQD61wMuCxrq/HsrRw6cGAGZmPB9sf1rkWbJpM0iU55VifaT16VYgIIFZmp5LrjgjvUlleKUCs3NFtCk7OxsjBGMUbF9KgWdSODUiSc5JzWbNUWYrcyHgCriW4iBxyapfaQgyrEVE2ouFwTkU0yZIhu4AxcsMk9MdqzpIDFt71elvQwwAKoyz7iMmruSokZOOKryEetLJJnJqu7dzTQN2EZhUDS4billfAqDgkVaMnqPOM5HSlU0zvTgaRRKD0rfsptqqjHjHQ1gwjfKg961N2xxSYGpL8oyeVqhcKJBkHPvWhE4mg9SBVZ4CTwKQC2UZGM1vwwlkwRuFZtpFg8it+0i+Tg4PpQQ2Vvs2z5l6VbgAbHH5VNIgC9Kitm8ubBGRQBeFiJRlSG/nVSazlhzlSRWpGFJ+U4q2N5Tayh19xQI5cCnoBW1LZwyP9zGe4rNuLGW3OQNy+ooAjXGKlU1XVscZqZWpgzpDSZpxUk9KkSEKct1pARqjP0FSrEB/tGpcA+mPrxS8DjPH+yKAGBSDjIFOVBnJBPuaXjoFalHA+6w+poEKuEXC9aiuJTCvJJB64qUYClj6VlTzylyNuRngigZJaeXJI+OuelakabByufrVHTk3OTtIPuK0XcgYPOKBEMm3OCcewpIwo7E0dT9ynDf/AHRigY/PHC0g39yB9KRs8ZYAUihO5LUAcP8AEZmC6dzkB2598VyaPuWuw+JSD+x7WYDGycD864iJsVLNYDriISIR39ayZbUoTjIYHg+tbW7IpjRCTPrQpDlG5kW168TbXP51ppdBuhrOvbJsZXOO1UFeW3PU8VfKmiVJxOgack9aiknyCM1mJfAkbwRUn2iNlyrCp5C1ULDSHrUTP71A849aiknwuQaaiJzJncA8mq0s4HAqB5mc+lIAOp5NUkZuVx2dy85zSg4AoLAngY9qQU2wSHZopBS1JSNDTYmaUvjp0q1KCGyafp8Wy1UjgnmnumTzQFy5ppyCKvCLD4xVXTYzvA6VrzwlFV+460ibi28B3A4ratY+lVLNSygjpWtDGcjigkLm2VoSVHzVm2qmaRV4DKcGukijUjDCueuF+wasGI/duaARsQqoYq3UdxV2KJusTBvYVDajKmQKGDdqtRxI2dsmx89DQBBKA3312n1AqEMEOJBlD3Har8iSoCHTcD3qs8SN9w49jQBRutMil+ZCOe4rMe0mibGNw9q3ApRtrZX0oeM55XcPUUAX8hegpDknrmot3b9KeGAIzjNAEwwB97H0FNLH+835VIG+X7+PYCmg88ufxFAhUAPJdvyob5jgEmpA2F+/+lRSSC2Qu5AJ9aAK19KPLCq20gdu9UoEkZs/e+tRSEXExwx61p2duUAO4kUDLkCBUzkA+lI5bPAqQ7cfKMVGVJP3qBCfvD6CkYHHL/rSEDu3600mPPQsfpQMCY92eW/Wpoy2OEwKjQuT8seB71YQOT94D6UAcv8AEO28/wAG3TY+eJkcfgwrzOE+ZAkgOQRXtOtWgvtGurZvmEkZX8a8S0r/AFLQt96Nip/CplsaU2Wgc1IjYNNZMZ9aEGKg1sSMA6nI+lZ13ZqwPGD6itNeRUcvORRGTQmkzm5bYoc9ulV2i2nituaINniqUkOM8VspGUo2KG3160Hrk1KYSDUTLjincmw04HAFGeKQg0c0XHYUHtSim08CkMdT413yKvqajzgVe0qEy3W7GQlAXNlI1EYHfFOSLc1TrEDxg1ct7TJFITY+whww4roDah7fpnjpVa0ttpGBW/awBkG79KZBz+nsYrhoGJyDxmujgVmx3rG1i0eCQXKA/IeSPStfS5zNCjoeo7UhsuohBznFUPEFoJbdZI15HWtR4S6kHIPWkaJZLN42+ZscGgRl6NOJ7YKzYccE1qsmcZIz9a5i0ZrPUjG3AJzXTptdMhsUDGB5ImChjz2NOLRt/rFKN/eFBjBIwwzSFJAeCGoAPLxnaRIpqFQQSN23nvTlJjchlPPpSxssmRJgMDQBJFHkZ6Cmlt0hSIZI6k9qnX5YvmIxio4CCGIXAJ/OgREt2tuxErc1cjkEyb1bAz0IrMvI4kk8x+W7VNpzzOWZl2xAcZoA0Xwse4spHoKxr28807cHj1qa7uZFyuBj61QBLvkrQBPZwo7e9bcSeWnA47ZqrZRK2Nq81dZjjBPSgBrYPXimEJjk0rMvpUbOOy5oAQlOwJ/CkBcnAUKPU00tIegA+ppVjYnLyflxQMnVWA5f8hUqoCepqKNIgeuT7mraIMgDFACC3adHjjByRXhl3pl3o3ii9tbmMpukZk9GBJIIr36O2nVWkUgD/ernPEGi2+rx7Zx++X7kg6g0NXCLs7nlrAYHvULLg1q6jpNzp0m2dMqDw69DVF1yM1hax0pporq/5U52yKVYTtzQUOOlO4yo4zmq7pnPFaBT2qIxZ7U0wZkvGSajMHHTmtY2uT0pfswHaq5ieUw2gI7VCyH0rblt+KpyQY7VSZLiZ2KXFWWh9qIrWSeQRxoWc8ACmKxXSN5nEcalmJwBiuu0nSjZwEMPnJyTVnR9AWwHmXA3TkflW3HBuNBDZTitRkcVo29qMjIqzFaYxxV6KHB+7QSNggAxgVq2kR6EcU2KNcD5BVyFKYiG/tVmt2VV6jvXLadI2m6g1s+QpOVzXc4UoQRz61yevWLk+eg+ZDkEUhpnRqTJFnkgjrUESeVcYLkoeq1S0G/N1bhN2W6Yq5dQsHDq7KR2oEzF162KTiZAQAcg1f064EkKlmJBHarN7Es9j0y+ORWBpjGC4eFmKkHIzQPodOyx/wALce9N2joDUcTLgbqlYL1U0CGmCXqCCPrUTK2eVqUZp4hkI3AZB9KAAldu1jSgr2/IVEqheO/qaeMDvk0xEU8ce4M3LdBmp/8AUWzDjce/pTQil+cE1DqErN0IHsKBmdK0jOc4NTWyNuGUyKroshbg5rUtEcY3AYpDL8MeIwwwKUk+lKBjGKa7OOlAhpYj+GonZz90Ae5pWaQjqBULL/elI/GgAK8/vJPwqWNIRzjPv1qONYScgbj61cQjspFAx0ZUfdU/lVlUDAHcAaiU+pwKcwT/AJ6CgQsp8qMneCfQGqalpWx/OnSnA9fcVCGJPC0xCXFjHd/6LKiyeYMYrmdS8B3FuS9pIrr/AHCeRXYx2wwZDIoYdqeFLj7yj60mkylJrY8nuNNubRmWeF0x3I4qqIyCRjI7GvW5oInDiZVkGMDPPNUDpWnyRszWqbgcDArPkNVV7nl7px0qMR5Ir09/D+mmMk2y7ieMUy58O6XFArC3Ac8daPZj9qjzcR8Uwxd69Ik8O6YEQ+T8xXJ5qGTw1pxK7UYEjJ5o5GHtV2POJIdvaq4sZ7l8RRO5/wBkV6DcaFp+nyJIyNIrHaAT3rRgtTDbtIsSJxwBxTUWJ1EefQeFJ2G+5IjX0zzXQWWk21jbb44fnz1PWr0zSySnIFPdpNirsqzNtspqC8nzIcfStC3gRj0pbaMlvmjP5VqRQpjgUCK6W4GMCrSR47CpgmMDFSICO1Ah8RAGNi1KD34/CkR2A+6D9RQZD3C0wHqe/wClVdRi+0KxRQuR07VODnqaeWBTbtB96QHBQPJo+q4yQjniuxaQ3luHJPI+8KwNf05pYy68spyMdqd4c1RpYPs8jHIOCDQUa9lnc0Ur/L/CaxNYg+zXiTqOAefcVqSrJDP5iHIz0NS39ulxZFjjpyKCSO1lWSJXHIIqypQ45IrD0iXyne2Yj5TkZ9K212kdKBkoUEZDg+1ICexx+NMCge1ShARkMKBEKjHGeKfgA4Bpg5x2+tLJjaBnBz1piHphQZB34zWXcnzJDhv1rQuGEcflngdcVl7Az/eNIaJoIXJGDWvAgUDdk1UtoNgBzV9AAg459aAHPkLkYqDDseW49qbIS0m3fx7U4KoHWgBrKozljUO6LdgAufpmpHaMZyM06HcxG2LA9zigCWInbxGQKsDgc0i8AZFOwD1JFADo1jY4MmPwqKQKCdr7qfKIEX5ZWJ9MdKqsR2OaYA7fjTFclsYxTcmnJk9aBFpVG3/WLSgDOCRSRxIwGZNp+lBAXlTkZoGK4GzHvT9wjtQABy2STVdnJbaOO9KTmIA9jSAnd1EEbFRk81UuGRljOPr6Us0pdEToBTJesa9jQA+UIFBx1ABprRxCcKBgHApbg8KMccVBdSMhyvWgDI8TkLp6up4SVCP++sVfvZHjtQFAyRzWXq/zaRAW5Hmpuz/vVd1J228HtQBjF5d/Tr71Zi80nlc1UDHzBzWnanNA7lu3BBGUq8uD2qKL7oqYdaAHhfrQCQcc0q9acv36BDlmdDx/KkaVmPIX8sU8dTUUnegAJzSq2DTfSjvQBFfx+ch2gKa4OQyaVrQZG+VmzgV6DN0rgfEA26lGfegaOtLtc2ocYU4osJjPE6MOU4+tMsTusR/u03S+J5xQJGbqcQgvIpU4O7afpW9bEPCpI7Vja0MMh9HFa1kcwLQMneMbcjNMU1M/3KgXqaBAvJxTxt34IyRzTF+/Th/rh9KYitdfvCc9fWq8UKk5OasT/eqKHqfrSGjRgAGB1qeblePl+lQxdqnk+7QBTjjUSZxk+9WgAR0quv8ArKsr0oAYVAPSpo+GGKibqKkT7woAmb71I/Slf71I33aAIH6moTUz9ahNMQjdactNbtTloAsR9BTj9z8abF2px+431oAiP+tFO/gNNb/WLTv4WpDK7/w/WnS/8szSP0X60s3+rj+tADrjoDVa86VZuP8AVj6VXuuUH0oAxNV/5AJb+4wP5NVzUOYVP+yP6VU1MbvDtyPTP86t3R32kbeqD+QoAxP+WgrStetZp++K0bU80AjWi+7U4qvD92rAoGSL1pw+/TV60v8AGKBEo+9UclSfxVHJQA3sKO9J/CKU9aACX7tcJ4mG28Q/7Vd5J9yuH8Ur++U/7VA0dDpZ3WC/7tJpvF9MtM0Y7rBP92nWPGpSD1FAitroxHn0YVpaec261Q10fuG/CrmmHNsv0oGaDfcNVx1NWD9w1X7mgQi/ep//AC2WmL1FPP8ArVpiK84+aoYvvGp7j71V4/vmkNGlF0FWH+5VaLoKtN9ygCoP9ZVhelV/+WgqwtACNUi/eFManL1FAE79aRvu0r9BSH7tAEL9agPWp36ioT1piGnoKVaQ9BSr1oAsRdBTz91qji6VKejUAQP95af/AHqZJ/DTx1P0pDIH+7+NLL/qVPvSSfcP1FLJ/wAe340AOm5hH0qC45iU+1TycwLUE3MC/SgDIvF3aLeL7NUmd+k2zesQ/lRIN2nXq+x/9Bplqd2gWZ/6Yr/I0AZT/frQtTyKz5Pv/jV61PIoBGvD0qyKqwdKsr0oGSL1px+9TVpzdaBEncU2SndxTZKAIx92lNIPu0tACv8Acri/Fa9D712jf6v8K5DxWuYs/SgEaGgHNgn0qW241Yj1FVvDjZsU+lWY/l1ce9ACa2v+jP8ASpdJObVfpTdZGbaT/dNJopzar9KBmt/Aarnqasfwmq56mgQg6int99frRRTEQ3H3vxNVo/8AWGiikNGhD0FW2+5RRQBUP+sFWFoooAGpy9RRRQBO/QfSg/doooAgftUJ60UUxDT0FKvWiigCeLpUp6tRRQBBJ0X608dT9KKKQyCT7jfWlf8A49j9aKKAHt/x7iq8v/HuPpRRQBnf8ul5/un+VQ2H/Iv2v+5/jRRQBmSff/Grlr1FFFAGvBVlelFFAyRac3WiigRJ6U2TpRRQBGPu/jS0UUAOP+r/AArkvFX+ooooBE3hn/jyWrn/ADFkoooAl1f/AI93/wB01Bof/Hsv0oooGbI+6arnrRRQI//Z
                    [birthdate] => 19-08-1982
                    [residence] => Array
                        (
                            [address1] => S15 LEKKI GARDENS PHASE 3, AJAH LAGOS STATE.
                        )

                    [birth_country] => nigeria
                    [state_of_origin] => Kogi
                    [signature] => /9j/4AAQSkZJRgABAgAAlgCWAAD/2wBDAAUDBAQEAwUEBAQFBQUGBwwIBwcHBw8KCwkMEQ8SEhEPERATFhwXExQaFRARGCEYGhwdHx8fExciJCIeJBweHx7/2wBDAQUFBQcGBw4ICA4eFBEUHh4eHh4eHh4eHh4eHh4eHh4eHh4eHh4eHh4eHh4eHh4eHh4eHh4eHh4eHh4eHh4eHh7/wAARCADIAPoDASIAAhEBAxEB/8QAHwAAAQUBAQEBAQEAAAAAAAAAAAECAwQFBgcICQoL/8QAtRAAAgEDAwIEAwUFBAQAAAF9AQIDAAQRBRIhMUEGE1FhByJxFDKBkaEII0KxwRVS0fAkM2JyggkKFhcYGRolJicoKSo0NTY3ODk6Q0RFRkdISUpTVFVWV1hZWmNkZWZnaGlqc3R1dnd4eXqDhIWGh4iJipKTlJWWl5iZmqKjpKWmp6ipqrKztLW2t7i5usLDxMXGx8jJytLT1NXW19jZ2uHi4+Tl5ufo6erx8vP09fb3+Pn6/8QAHwEAAwEBAQEBAQEBAQAAAAAAAAECAwQFBgcICQoL/8QAtREAAgECBAQDBAcFBAQAAQJ3AAECAxEEBSExBhJBUQdhcRMiMoEIFEKRobHBCSMzUvAVYnLRChYkNOEl8RcYGRomJygpKjU2Nzg5OkNERUZHSElKU1RVVldYWVpjZGVmZ2hpanN0dXZ3eHl6goOEhYaHiImKkpOUlZaXmJmaoqOkpaanqKmqsrO0tba3uLm6wsPExcbHyMnK0tPU1dbX2Nna4uPk5ebn6Onq8vP09fb3+Pn6/9oADAMBAAIRAxEAPwD7LooooA5n4saXf658LPFuiaXB9ov9Q0S9tbWLeqeZLJA6ou5iAMsQMkgetfI37D3xQtfAmg+L/CHimzmtVtrGTxRZp5YSe5RbZXlRRI672aFIpIwBgqJGLbcV9v18G/8ABR3TvDdr8S9AvrBtmv32ms2qRLEFVolfbbylgo3O2JUJLEhYYxhQBkA+n/hd8adG8a/BLUfia+nTWcWkxXb6np8MnnyQm3UyFFdljV2aLY4xgZfaTkGvGf8Agnvrd14l8VfFfxHfRwx3eq31nezpCCI1eV7x2CgkkLljjJJx3NH7Tfhe1+DX7Hlj4C0Iw3cWo6vBbaleywCOW4c77lpQFIw2+3jQbt5EYC5JAatP9iHwz/whvxL+MvhZYb2KHTNStLe2+2LtleAPd+VI3AB3R7GBAAIYEcEUAfU1FZnirX9G8LeHb3xD4h1GHTtLsYvNuLiU/Kg6AADlmJIAUAliQACSBXn/AMDvjt4L+L19qdj4ch1Oyu9OijmeDUlhjklRiQXjVJHLKpChjwAXT+9QB6nRRRQAUUUUAFFFFABRRRQAUUUUAFFFFABRRRQAUUUUAFFFFABRRRQAUUUUAFFFFABRRRQAV8AHwlqvx00v4v8Axe8R6v5tno1tcR+H3QtLEn2dvtHlxA+UwRYFCZeJdxujIV3qwr7G+P3i+TwH8GvFHim3eaO7tLEpZyRRpI0dxKRFC5V/lKrJIhOc8A8HoeZ/Y68IR+EP2f8Aw8hSEXesRf2xdPFI7rIZwGjJ3fdYQiFSAAMqeuSxAPDH8V3Xxgh/Z18F3NxDcSzytqeu2WpZuVvEsXeESySMh3tKlte/Jkgl8PkYavX/AIGapYax+0l8crvTp/PhjudItWbYy4lggmhlXDAH5ZI3XPQ4yMgg14n+yN8O7XQP2uPGGm3FrN5XhSK8XTTeziO5w8qxQzeWCpkVrd3JcIU/eIeCyZ9G/Ze1Tw3p+h/Gv4wW097e2Fz4k1C6bykA8yztla5jaNHCkOy3L8MR/CPlwcgHP/teav4u+J/xR034DfD8zOIYlu9eIdo4AW2vH552cRRIUkyCwZpUAUyIorG+D/ge6+B37Z+jeC7O+h1Sx8QeH3DXMqkS7PJaR2CjARjcWbYXLgRsASW5HZ/sL+GdZ1eHXvjZ4wvJtQ13xLK9ra3ErZY28bgSMArbQrSRqgQouwW42/KwFXf2srmS0+OvwEliWFmbxBLERLCkq4eayQkBwQGwxw3VThlIYAgA+kqKKKACiiigAooooAKKKKACiiigAooooAKKKKACiiigAooooAKKKKACiiigAooooAKKKKAPm39vaGPX/CvgbwDa3cMOteIPFMCWKzBxHgI8LOzKpwqvcxZ74bgHBx9JV85+K3/4Tj9uXwzoSXNleab4H0SXU7yzubf/AFN1KMAoSnzuPNsZAc7V2EghwQfZvixql/ofws8W63pc/wBnv9P0S9urWXYr+XLHA7I21gQcMAcEEetAHxN8J/H/APZf7Wtz8StQ8Q+T4N8T63qulrqt42VmgUI8MbbxvhRTJY4YhQq4BIVXAzNLm1nRv2II/D9vaQzXfjrxlssLQHzbm6t41iBeGNG3bhcWyRnKn7w4+dDW18SfhvJafsKeBfELaBDBqmn3z6hd3EcqK32S9dwsjhWxIzj7COQXUBR8oDAb/wAHPD1h4j+L/wAIPB1pf/btH8FeEYvEt7a3O6N4b+7IuTsdEUviS4smCklQiEElt4YA+ufhx4XtfBXgLQ/CdmYWi0qxitmligECzOqjfKUBOGd9znknLEkk814N+19/yW/4Bf8AYyH/ANKbGvpmvm34v6po3in9s/4VeCLm3hul0KK61OZo7r5kuGhaaJHVcFGQ2kMuCfmEi5G37wB9JUUUUAFFFFABRRRQAUUUUAFFFFABRRRQAUUUUAFFFFABRRRQAUUUUAFFFFABRRRQAUUVmeLNbtfDXhXVvEd9HNJaaVYzXs6QgGRkiQuwUEgFsKcZIGe4oA+ef2SP+K0+L/xW+Lcv+n215qX9l6NqX+q32qEkx+VwRiJLL5nQNx1zvrpv269UsNP/AGbdctLyfyptTubS1s12M3mSidJiuQMD93DI2TgfLjqQDD+wZolrpX7OemX1vJM0us313e3AkIKq6ym3ATAGF2W6HnJyW5xgDM/bQuLDVNc+Evw/1TTvtVhr/i6CS6bz2T91GyQvFhcH51uz8wYFdnHXIAKX7XVlqvhH9lXw38PNIT+2Jru50vw8WS2Yy3HlRl0MUasSHeS2jG35uGIGTgjk/wDgnHoN1ezeK/HeqRTXMqxW2i2F9Lcl2CRoGlhC7vuqi2YBIwAoVTgMK6z9qKWw1b9o74M6IuqWVnc6Pc3Gu373jNFFBZxNFOXaQjaMrZTgc8FRu2gg15//AME1/E3l654t8HTTXr/aLaHU7aPdm3i8tvKmOCeHbzYOQORHyflUEA+2a+Wf2XVsPiT+0N8TPjBNZ+fDBcpp+hXa2rJbvFtMfmL5i7hN5EMG7BUgTuCoDgD039rbx1N4A+ButalYXv2TVr/bpunSASBhLLncyMhBR1iWV1YkAMg6nAM37KvgOP4ffBLQ9MeGaLUdQiGp6ms0TxSLcTKpKNGxOxo0CREDGTHkgEmgD1OiiigAooooAKKKKACiiigAooooAKKKKACiiigAooooAKKKKACiiigAooooAKKKKACvGf20vFP/AAi/7PPiDyb77Je6v5el237rzPN81v30fIIXMCz/ADHGMcENtr2avnP9saKbxF4v+EXw7l0v+0tJ1zxJ9p1CKNZDKYoDGr4ZCCqeVcTMx6gKDlQDkA9m+FPhn/hDfhp4b8LNDZRTaZpsFvc/Y12xPOEHmyLwCd0m9iSASWJPJNeM/FjUP7U/bd+E/ha/srK4sNP0281OHzIt7efJHcYJySPka0iZSACrZOemPoyvnnVde8Lx/tqaxq2oywtF4S+HbzXs0lsztYutwJWdPlJLfZ7jqmSRIy9cigDhvHX2nxX8dvjprj/YtV0nwr8P7rS7O5XyX+wzyWu4xqR82/d9uVm5K/OhIGFrmfgnp1/8Kfin8EtSvmsrDTPGHhuSzubm2iWT7bLcTzTwxvhd4cGfT1L4AGAu4orVN8P5tZ0b9jD4p/E/ULSGbXfGd9Kk15KcrdW80y2zuI42CxsslxeEcLzgkFQora/aHhj039lP4NeObK7hsvEPh6LSX0ueQO7EtaK7IibWjLboIpP3gAxEwBy21gCbxleQ/HP9tHSfBzW/23wn4H86S9jIj2ySxlfOLrIgLI04gt2T5wVQspAYkfX9eDfsP/Du18GfBqy16W1mh1rxPEl7etJOJFMILm1CBTtVfKcP/ezIwY8BV95oAKKKKACiiigAooooAKKKKACiiigAooooAKKKKACiiigAooooAKKKKACiiigAooooAK+efGF3qevft1+CdJ0+5hvNO8L+H7q/vYY5I91k9wk0TF/4tzbrP5OSAysAASa+hq+c/gxb2HiD9sn4veMdO1HzYdMtrTRmi8hl3ylI1lO5sEbJLF16ENuyDgDIB9GV8G/tHapf+GfjF8bfEFnP5X27TdN8NAqiu268t4JXyGGAhgsrlCw+YM8eB1ZfvKvg2x0KH4w/t8a2t/pG7SdL1KSTUYDLHIrRWCrbqXDrh0kljiDIFJ2ykZwCwAPWfjR4W/4Qv9gOTwy9j9gubPTdN+2W/m+bsunvIHuPmyQcyvIeCV544xXhnhbTvEn7S2r6J4Qsm+xeHvBHhFLa2lliMQW8+yRxjzJFWTPmXManHGYYWKgOGz71+39480bRvhHN4GM0M+teIJYCtsJcSQW8colM5AB+UvEIwCVyWYjOxhXTfsX/AA/tfBHwS0u+Kwyap4jij1W7nQAnZIoMEQbarbVjIO05Ad5cHBoAg/YZ8Tf8JF+zzpVvJNezXOiXM+mTyXLbs7W82MIck7FimiQA4xsIAwAT7nXzn+zG/wDwiHxy+LnwtmubKCGPUl1zSdOs7fbFFBP8z7SEAXbHJZoUJwCDsBAY19GUAFeJ+P8A9p/4W+C/Hr+D9RuNTu7iCVYb28sbdJrazcthkkbeGLJ1YIrkcrywKj1/XtUsND0O/wBb1Sf7PYafbSXV1LsZ/LijUs7bVBJwoJwAT6V+Zvjrwdf6p8ILr4766/kX/inxdLHbWluFFv5Ti4kmlGWZ/wDXIUVWIKiNid29SAD9P6KpaFLDPodhNb6p/a8MltG0d/ujb7WpUES5jAQ7h82UAXngAYFXaACiuM+LvxL8K/C/ww+u+Jrv0+z2MEkX2u7+dEbyY3dd+3zFZsHhea6Dwnrdr4l8K6T4jsY5o7TVbGG9gSYASKkqB1DAEgNhhnBIz3NAGnRRRQAUUUUAFFFFABRRRQAUUUUAFFFFABRRRQAUUUUAFFFFABXzz+xlDo2q33xV8faRdzXMWveMrpImI2xtbxkzQuFZQys32ts7uwXgEHPvOvapYaHod/reqT/Z7DT7aS6updjP5cUalnbaoJOFBOACfSvDf2BNC/sj9nm01D7V539t6ldX2zy9vk7WFvszk7v+Pfdnj7+McZIB7/Xxn+yJ4m8Gn4gfGr4vatN/ZdhHci4iu7xirQWt1czymNkUkM7NHCABuYsAq53YPtv7Yvi+Pwh+z/4hcPCLvWIv7HtUljd1kM4KyAbfusIRMwJIGVHXIU/A3hPS/HE2ual8E9Og+zX+t63bWuoxB3bZLaNMpWRoiwaFGkeRztYDyVcfd5AOz+JH9q/GZPid8a777bBoeifZbTRo33KPnuYoo4sHenyws8kio4xLMrAYcivvL4E/8kQ8B/8AYt6d/wCk0dcn41+HXhHwN+y34w8I6HpMP9nW3h+9uGNwiyyXFwkDOLiQkfNLvRGDYG0qoUKFUDf+BeraUv7PngzVG1OyWwtPDdp9pujOoih8m3VZd75wuxkcNk/KVIOMGgDy3xpbSeDP26/CHiGBodM0vxnpE2n39xLMhW9uIkYCMBySjZSwA2hdxwBklwfbPDvjXStc8d+KvB1pb3qX/hj7H9tklRRFJ9piMsflkMScKDnIXnpnrXhn7aGoW03w08AfF7wxZf2pNout2ep2F28U3lJayp5oMqAqVR5I7YZbawJCgqWIPGfsrat/bn7a3xM1RdT/ALThnttS+zXQn85ZIFvoFi2PkgoIwgXBxtAA4xQBz/7Yvx68YR/EnxD4A8La5DbeHIbH+y9Qiijt7lbp5Iz5+XMZaNh5hhKhsqYieCSBT+KWj2viLw7+z78GfDtnNay3+kW+p3c6WQumiF7tMkqsT5m1WW5lkQFUxsJ4QbOS+JHgrSvFnw88f/Gvw/cXt5s+IF3Czb1jtxp0pDxzeW6iTeZJ4lxngNyowSPQP2BvDOq+LPifffEfXYftFtoGmxaZY3Lq0WJxAkEYTYAj+XbIUYMSR5kbEEncAD7lqG/u7Wwsbi+vrmG1tLaJpp55pAkcSKMs7MeFUAEkngAVNXyb+3N8W9VtbiL4OeDl+1X+s2ypqv2YM9wvmyJ5NtF5b5DyKrB42Q7klTGdxoA+ef2ufiLJ8QvjLqr2erTXvh7SpTZaSm9DCoUKsskewlWWSRWYPkll2ZwFCr+jHw10S68NfDrw14cvpIZLvStItbKd4STGzxQqjFSQCVypxkA47CvifxH8GbX4W698FvDmuQaZqmqeIfFO7XXCC5gmSO5t0ihjMkasIvLnfemMOznduCR7fvigAooooAKKKKACiiigAooooAKKKKACiiigAooooAKKKKACiiigDzn9pvW7XQP2f/G99eRzSRS6RNZKIgC2+5H2dCckfKHlUnvgHAJ4M37OGl2Gj/ATwPaadB5EMmiW10y72bMs8YmlbLEn5pJHbHQZwMAAV5z/AMFBNbutK/Z/axt44Wi1nV7ayuDICWVFD3AKYIw2+3Qc5GC3GcEezeKtb0D4feAr3WryOGw0XQ7HcsEASJVRFwkMSkqoY/KiJkAkqo60AfHX7ZfjWzvP2hrTT9Rt/tmk+B9N+0tYXKW/l3F9KqyRja7Bp4XZrJZYx83lpMVAALVp/wDBPe0tfFfj3x7478Q20N/4jilgmivpIwGie6a4ad0UYVWfaBkAEAsowGYHxn4OeA9Z+P8A8bb+6voZrPTry+m1PXryxixHaCV3k2JvJwzvlEBLEDLYYI1fVn7LHhn/AIRD45fHDQlhsoIY9SsLi2hs12xRQT/aZoo1XAC7Y5EUgDAIIGQAaAPbPiVol14l+HXiXw5YyQx3eq6RdWUDzEiNXlhZFLEAkLlhnAJx2NfKdv4p/wCEX/4JuWPk332S91f7Tpdt+68zzfNv5/Oj5BC5gWf5jjGOCG219mV+YGueMb+4/ZN8M+DrxPPhj8XX0lnLlV+zxQW8LGLaFy+6TUJG3E5GMcgjaAfRvjLT9V03/gm5Bb6xe/bLl9NsLhJPNaTbBLfwywR5YAjZE8aY6LtwMgA14N+xHr11oX7QmlGGWZbS8sb2G/jhtjcSTQpbST7FRVZy2+CMgINxK4GckH6y+O+iWvhr9ii88OeJ5JpG0rw/p9lI+nEENdRNAkRBcDMXnKm7gNs3YAbFfDXwMu7qw8eT31jczWt3beH9bmgnhkKSROulXZV1YcqwIBBHIIoA9fiudK8If8E+5LK71Dz7/wAc6209lbKqq0XkXESyEgtlkC2QJcDhpo1I53V7z/wT7h0aL9n9X0u7mnu5tXuX1RJBhYLjCKqJ8oyvkrA3VuXbn+EfDXjDxfJrfgbwT4WjeYWnhyxukaOSNAv2ie8mld0YfMymM24+bGCjYHOW9M8D+P8AWf2bvjr4o8PWdrNJ4e/tcWl/b31tuuZbOKYmKaM5j/emF2KnIjbzASCNpAB+g3jnxNpXg3whqvinW5vKsNMtnuJcMqs+BxGm4gF2bCqCRlmA718v/sZeDrrx/wCKvEnx18e2EN7d6jfFdJS5hMkcbq6u00QlViFjKRxROrkoElX+EVxn7YX7QOjePfBWh6D4A8QTNp2oxSP4g0+aw8uRCrQSQIzun3ldZM+U5BI5JGM9B47/AGm/Bvw++HmmeAvgfF/aX2bTRbxavcW5gS0fIHmGFo186ZvnkYlVTeysd+WUAHQftEa5p3jX9qT4P+EfC1xDquo6Dq7Xuom3uImjhCzxPLGxD8SxpZysyEA4KgZJxX1ZXyn+w58Irq0h/wCFzeLrma71rWopW0+K6jLSxpI/z3TvINxllwdrKcGOQklvMwv1ZQAUUUUAFFFFABRRRQAUUUUAFFFFABRRRQAUUUUAFFFFABRRRQB8zftE+Nf7e1z9nv8As632aT4j8SWOtr9oTFwm1rfylO1io+W7fcOeQuDgHPM/t6eN7/XNc8P/AAT8KSfaL/ULmGXUIop1TzJZGC2tszbwBlj5jLIoH+ocGvn9PjP448PW/gzS2tPsmv8AgH+1LK0ub1XeWNbmMQ+XJFJ0eDDhQflACKUwh3e9fsI/CrUbrWb74v8AjS21P+0WlP8AY73rSpJOZoy01229R5qukwCPuYEtKSMhWAB7/wDs+fCrRvhP4CtdHs7aE6xcxRy6zeq29rm4C8gOVU+UpLBFwMA5I3MxPnPgL+1bP9vj4h28v223sNQ8N293HG25Irny1s4llA6PtYzIG5wfMGeor6Mr558Va3daV+334TsbeOFotZ8GyWVwZASyost1cApgjDb7dBzkYLcZwQAfQ1fm1480u/uv2sj8P/FUG/R7n4gPdGy3qN0WoXEBZvMjO4eZAsHG7K/7Lbq/RLxVr+jeFvDt74h8Q6jDp2l2MXm3FxKflQdAAByzEkAKASxIABJAr8wPjZ4v1Hxf8ZfEvxG0V5o7RNXjSx1KyjlgWMRgpaPuPzRytHb7xnByrkAYwAD7Z/bz1u10r9nPU7G4jmaXWb60srcxgFVdZRcEvkjC7Ldxxk5K8YyR8DaF411XR9HtdLtreyeG2/tTY0iMWP8AaFmlpNnDAfLHGCvHDZJ3DivoD4ufGvSvjv8AFP4e+CtP0+9i8FSa3Y/b7S+hWG4uJ3nMTZeORiEEUhA2spy7k5whHGeJ9AsLj43eOdUux9r+0al40j+zT2LGKNraxmmilWVvkdw8oO0fNGY0Y/fWgA8FfCO21DQPgvrB0i91iHxd4kuodXMEMwWO1jnijEDMjYH7uG7l3jY20v2jyPc/26/glf8AiT7N8RfB2lXuoawnl2ep2FjarI88XzBLgBfnd1JWM8OSmw/KsZJ9s/Zk0S10D9n/AMEWNnJNJFLpEN6xlILb7kfaHAwB8oeVgO+AMknk9b4713/hF/A+veJvsv2v+yNNuL77P5nl+b5UTPs3YO3O3GcHGehoA/Ob9nD4D6r8VPF+p6fqV5/Ydh4fuYo9bilRkvV3mUeXGjLgPuhZSXxszna2Np+ufhj+yn8LfB19JqGo2k3iq781zB/a4SSCFCZAq+SAEdtjqGZwwLIGUR9BS/YH0S6tvg1d+K9Ukhu9R8T6vcXr3pJkuZkQ+ViaRhuZvNSdxyw/eE5yzCvoagAooooAKKKKACiuZ+IXj/wb8P8AS11Hxj4hstIhkz5SysWlmwyqfLiUF5MF1ztU7QcnA5r5z+In7a3hux8+08C+GL3V5h50a3uouLW3DDiKVY13PIhOWKt5TYAHBJ2gH1lRXg37C9t4ui+CUl94ubU3l1PV7jULB7+ZpJJbeVY28wbiWCvL5z843Fy/IcMfeaACiiigAooooAKKKKACiiigAooooAKKKKAPza/aoh/sX9q3xVqml+H7K8ttLubHU7q1ks/MtGzFbM5uEXAKSSyAOSRuaXBOWr7s+DXxV8I/Fjw7LrHha5mDW0vlXdldKqXNsTnaXRWYbWAJVgSDgjO5WA8f8O+BbDxj+2D8Y216ystQ0D+xLDTb20nLbpGuILWSNlwONv2VjuDBlbYV55HkHxa8IfEP9mz4o3Hi74apqcPgqeWO5ULJJc2gAwhtrwDHyh5WWMuc7XUq5kDFQD74r5g/bo+F2v6/DoPxG8DWOp3XiPRpUtpk01Xe58neXiljCtuDRSk/cUt+93EgR8QfB39sXwnq+l/ZviZH/wAI7q0e9jdWdrLNZTLuGwKql5UfDHIIK/ITuBYIPpPw34h0DxLYvfeHNc0zWbSOUwvPYXaXEauACULISA2GU464I9aAPzavdA/aW8Uwr4e1XTvinqNpfSxxNb6kL37M53gqZDL+7VQwU7mIC4ySMZr7f8J/ATwbovwNvPhRcSXt7Yal++1K8EpilmuvkPnoMkR7Wij2pyuEAbfli3rNFAHwn+zP+zp4u0v9oAzeONFmt9L8Kyi7juwG+zX9wCDb+TJlSyg/vSQDjywkiqWxXAftA3d1ZTatNZ3M1tK3xE8Wws8UhRikiWKOhI/hZGZSOhDEHg1+kt/d2thY3F9fXMNraW0TTTzzSBI4kUZZ2Y8KoAJJPAAr8s/G9trI+CXg3WtaaaaXXPEGu6hFczTebJcgrYRPIxyW3GWKUHdySM9CCQD9H/gT/wAkQ8B/9i3p3/pNHWZ+03NrMH7P/jd9BtIbq7OkTJIkpwot2G24cfMvzLCZWHPVRw33Tp/An/kiHgP/ALFvTv8A0mjrpte0uw1zQ7/RNUg+0WGoW0lrdRb2TzIpFKuu5SCMqSMgg+lAHDfsyavHrf7P/gi8iMJWPSIbQ+U7suYB5ByXRDuzGcjBAOQrOoDt2firX9G8LeHb3xD4h1GHTtLsYvNuLiU/Kg6AADlmJIAUAliQACSBXmfxl+OXw8+DOkxaOBDe6pBF9ntNB0to1a2CxBoxKAcW8WDGBwThgVRgpx8mPc/HX9qvWYrMrDBoNpK8qsIXtdJtJljUEGQB2klO4YUmRl81iAqFsAGn8UP2qPib4p1zU/CngWaytrC51KW10u70mxlF/eW7M8cSjzGYq7qyHKIjhsbdvSvrn9mi28XWnwP8NxeOm1NvELRTS3R1KZpbnDzyPGJCxLBvLZPlblfukAggcz4X+FnwQ+ANjH4wu3hsru0ilhXWdYvDJO5YM5SNBhDLsVlAijDsoI53Nnxn4y/tdazq+rReGvgvYzBppfs66lPY+dc3ExlAQW0B3DawGP3iFm8zGxGXJAPqz4heP/Bvw/0tdR8Y+IbLSIZM+UsrFpZsMqny4lBeTBdc7VO0HJwOa+TPiv8Atga74guLLQvg7o17YzXe2M3N9ZJPevO0gCRwQqzpyBtywct5mAqlQxwPAf7Nfxg+JfiLT9a+K2p6nYaWsUO+fVNQN1qMludz+VEjFzEwJwRLt2GQnaxDLX1l8L/gj8NPhxNFeeG/DcI1SOJEOpXbm4uSQjIXVnyImYO27yggOcYwAAAfI3w9+A/xc+Nfi9vE3xTvNa0qwiuRHdTaukkV7JGS0jR2sLrhEDNgHCxr5h2q+1kr6A8Mfsh/BrSPtH9oWWteIPN27P7R1Fk8nGc7fs4iznIzu3fdGMc59/ooAKKKKACiiigAooooAKKKKACiiigAooooAKKKKAPDPgZqlhrH7SXxyu9On8+GO50i1ZtjLiWCCaGVcMAflkjdc9DjIyCDXtt/aWt/Y3FjfW0N1aXMTQzwTRh45UYYZGU8MpBIIPBBr5//AGZtEutA/aA+PFjeSQySy6vZ3qmIkrsuTdXCA5A+YJKoPbIOCRyfoagD5t+Ln7IfgLxLDqWp+DWm8M61LEz29vHJnTmmLlyXjKlo1bOzEZCoApCHBVvmZ/g98YPA2rarc+Adch1q702JbfVZvBetma5tS8pX7PLChS43bo8ldhHy5z8jbf0rr5t/Yshj1XxV8X/H2m3cNzouveKZEsGAdZGEbzTbyrKNqsl3HjPOQ2QMDIB4LpX7XHxr8N/a9I12DRdTv4Ll1mOraY0NxAy4VoikLRAbWU8Mu4EkE9APc9C/bR+GV59gi1TRfE2mTT+Wt1J9nimt7ZmxvO5ZN7opJ5Ee4gcLnivbfFXwz+Hnima9uPEPgnw/qN3fReVcXkthH9pcbNgInA8xWCgAMGBXAwRgV4/4y/Y6+FOseZLoUmteGpvsxjhjtrr7RbiX5tsrrMGduSMqsighRjaSTQBzP7S37Tnw+1b4Uax4Z8B65e6jq2s2zWvnRac8cUETOglWQzqp+eJpVBRWIPPynBrzL9sPwt/whfwg+Cvhl7H7Bc2em3v2y383zdl04tXuPmyQcyvIeCV544xXdaL+y78PPhjNN4u+K/j6GbS9PvoZtPQxR28N0I0814poZBIZWco6iGMksqEgkvtTzj9tz4veDfijqnhyz8HT3t3Dov2rzbyW3MMU/nLAR5YbD/KY2B3KvI4yOaAPtnxJ4r+H3wj8Iadba5rVloGk2dtHa2FvLI8srRRBIwscY3Sy7QyZIDEA5bjJr5G+K37Uvj34gayfCvwe0rU9OtLqLZG0Np52rXJ8tzKFCFxEoByDHlx5e8OuSoxtB/Z++Ovxk1YeKfHl/NpSzSqrXGvu4uRCZXLiG1AzGqHcVjbylO9dvynI95/4sN+yjZ/8vtx4j1C2/wCvvUrqDzv+AxRICf8ApmH8n+NkoA8y+Cn7Lt/NqmseNPj+fs9lB5s8tpcaorNcsVLyXVxcxyHai5LffDMwJYhRiTuvir+0T8LfhX4dvPD/AMIrTw/d608qzLFpdgn9lo58rc8rxNGrs0WQDGXIZAGxjFeDeMvH3xr/AGltck0Tw5o16NHiyraVpkjR2iqWaSM3czsEZ8RAKXKqWj+RVYkH3n4Hfsh+F/DcMGrfEZofEmtJKXWzikb+zogHUoSpVWmb5TkP8hDlShxuIB4NZ/DX9oj4/wB5ZeINfN7LYTZNtf6zMLS0iUwoweG3UZCSKsfzxRFWbkk4Yj7F+CfwI8BfC6xtJtO0yHUfEMcQE+tXUe6d3w4ZogSRApEjLtTBK4DFyMn02wtLWwsbexsbaG1tLaJYYIIYwkcSKMKiqOFUAAADgAVNQAUUUUAFFFFABRRRQAUUUUAFFFFABRRRQAUUUUAFFFFABRRRQB856HLN4X/b48QWmo6p5dt4x8NxXNhaxNIyyywrGg8xQNodVtbpgTwFbAOWK19GV8s/tyaXrfhfXPBfxs8KwYv/AA/ci1vpQ8xzEW3QrIqEAQljPG53KW89U5yMdB41/a/+Eui2IfQZ9T8T3ckUhjitbN7eNHUDYsrzhCqsTjciuQASR0BAPU/jj4p/4Qv4QeKfEyX32C5s9Nl+x3HlebsunGy3+XBBzK8Y5BXnnjNcz+yF4Z/4Rf8AZ58K28kNktzf2x1OeS2XHm/aGMsZc4BZxE0SEnONgAJABr45+Ov7T3i74n+Hb7wqmjaZofh68lhd4Yy1xcuI9rbHmbClfMUP8saH5VGSN26nolp+0Z8XvBWl+GNMtvEGpeFbGxENnGI47CxlhhZI1Qyny47hkaNcBmdgVYjoxoA+5fEnx1+D+gWKXl98RPD80TyiILYXQv5MkE5McG9gvyn5iMZwM5Iz82fFn9tG/ufLtPhhov2GGS2dbi91m3VriOVuFMMaSFBtHzZfeGJwVAX5szw3+xH40nvnTxH4y8P6daCIlJbCOa9kL5GFKOsQC43HduJyAMc5H0z8L/gB8Lfh9DE+meHIdT1GOVJl1PVlS6uVdHZkdCVCxMu7AMaoTtUnJGaAPjqz+Gv7RHx/vLLxBr5vZbCbJtr/AFmYWlpEphRg8NuoyEkVY/niiKs3JJwxEH7WXwS0D4N2Pg9NI1bU9Su9ViuRfy3RQRl4RB80SKoKKTKx2szkDAycEn6g+NP7U3w+8H6HqFv4S1ay8UeJU2x21vbb5LRWddwledRsdFBGVjcsWwvy/My/Fnxh8W/FL4jw2Xjfxtb6m+ivLJBpc4sXh06Is7FooWxtZvkZSSzOREAzHZwAe5/FH9tTWbuaWz+HPh6HTbRonQX+rL5tzlkXDpEjeXGyNvxuMob5SQOVMPwa/Zg8ceN/E9t4y+M91exWEu2ae1vbx5dSvwETy1kbJMSbflbcwlXyyu1Mh1+kvhf8APhb8PoYn0zw5DqeoxypMup6sqXVyro7MjoSoWJl3YBjVCdqk5IzXqdAGN4N8KeG/Buhx6J4W0Wy0iwjwfKtowu9gqrvduruVVQXYljgZJrZoooAKKKKACiiigAooooAKKKKACiiigAooooAKKKKACiiigAooooAKKKKAPBv24tA8XeKfhNpfh7wdp2p6jd33iC2iuLeyDbXh8uYgzEfKsQkERLOQqkKSRgGvjPwlpHgL4efFHWvD/xu8O+INUXSpXgSDSpvKjlcZAZlfy5GidWWRHV0OAuVZX4KKAPTf2Pvh7o3xH+MureMrjwHDZeCdOilFrYSH7ZZi4YKiQObjc07CN3kYjGHCH5AyofviiigAr5T/be1v4zR+KvDvhz4eR+II9LnsZL0v4fEpu5po32SBzCTIIkWWDHAUtLyWIXaUUAQ/AX9kHStI/s3xJ8S7j+0tSTZcf2HGFNpC/zfu5258/GYyQu1Nysp81Dz6z8fPgvpXxQ8N+FvDcQstGsNH1KN5Jbe3VZYLFYXRre3+XCbmEIxwoCBsNsCkooA9ZooooAKKKKACiiigAooooAKKKKACiiigAooooAKKKKACiiigAooooAKKKKACiiigD//2Q==
                )

        )

    [error] => 
    [status_code] => 200
)
